131232
1231323213218465498